
> server@1.0.0 test
> jest --runInBand tests/auth.test.js

npm : FAIL tests/auth.test.js (23.07 s)
At line:1 char:1
+ npm test tests/auth.test.js > 
test_output.txt 2>&1
+ ~~~~~~~~~~~~~~~~~~~~~~~~~~~~~~~~~~~~~~~~~~~
~~~~~~~
    + CategoryInfo          : NotSpecified:  
   (FAIL tests/auth.test.js (23.07 s):Strin  
  g) [], RemoteException
    + FullyQualifiedErrorId : NativeCommandE 
   rror
 
  ΓùÅ Auth Endpoints ΓÇ║ should register a 
new user

    thrown: "Exceeded timeout of 10000 ms 
for a hook.
    Add a timeout value to this test to 
increase the timeout, if this is a 
long-running test. See https://jestjs.io/docs
/api#testname-fn-timeout."

    [0m [90m  5 |[39m
     [90m  6 |[39m [90m// Connect to a 
test database so we don't pollute the dev 
db[39m
    [31m[1m>[22m[39m[90m  7 |[39m 
beforeAll([36masync[39m () [33m=>[39m {
     [90m    |[39m [31m[1m^[22m[39m
     [90m  8 |[39m     process[33m.[39men
v[33m.[39m[33mJWT_SECRET[39m [33m=[39m 
[32m'test_secret'[39m[33m;[39m
     [90m  9 |[39m     [36mconst[39m url 
[33m=[39m process[33m.[39menv[33m.[39m
[33mMONGO_URI[39m [33m||[39m [32m'mongodb
://localhost:27017/task-manager-test'[39m[3
3m;[39m
     [90m 10 |[39m     [36mawait[39m mong
oose[33m.[39mconnect(url)[33m;[39m[0m

      at Object.beforeAll 
(tests/auth.test.js:7:1)

  ΓùÅ Auth Endpoints ΓÇ║ should not register 
a user with existing email

    thrown: "Exceeded timeout of 10000 ms 
for a hook.
    Add a timeout value to this test to 
increase the timeout, if this is a 
long-running test. See https://jestjs.io/docs
/api#testname-fn-timeout."

    [0m [90m  5 |[39m
     [90m  6 |[39m [90m// Connect to a 
test database so we don't pollute the dev 
db[39m
    [31m[1m>[22m[39m[90m  7 |[39m 
beforeAll([36masync[39m () [33m=>[39m {
     [90m    |[39m [31m[1m^[22m[39m
     [90m  8 |[39m     process[33m.[39men
v[33m.[39m[33mJWT_SECRET[39m [33m=[39m 
[32m'test_secret'[39m[33m;[39m
     [90m  9 |[39m     [36mconst[39m url 
[33m=[39m process[33m.[39menv[33m.[39m
[33mMONGO_URI[39m [33m||[39m [32m'mongodb
://localhost:27017/task-manager-test'[39m[3
3m;[39m
     [90m 10 |[39m     [36mawait[39m mong
oose[33m.[39mconnect(url)[33m;[39m[0m

      at Object.beforeAll 
(tests/auth.test.js:7:1)

  ΓùÅ Auth Endpoints ΓÇ║ should login with 
valid credentials

    thrown: "Exceeded timeout of 10000 ms 
for a hook.
    Add a timeout value to this test to 
increase the timeout, if this is a 
long-running test. See https://jestjs.io/docs
/api#testname-fn-timeout."

    [0m [90m  5 |[39m
     [90m  6 |[39m [90m// Connect to a 
test database so we don't pollute the dev 
db[39m
    [31m[1m>[22m[39m[90m  7 |[39m 
beforeAll([36masync[39m () [33m=>[39m {
     [90m    |[39m [31m[1m^[22m[39m
     [90m  8 |[39m     process[33m.[39men
v[33m.[39m[33mJWT_SECRET[39m [33m=[39m 
[32m'test_secret'[39m[33m;[39m
     [90m  9 |[39m     [36mconst[39m url 
[33m=[39m process[33m.[39menv[33m.[39m
[33mMONGO_URI[39m [33m||[39m [32m'mongodb
://localhost:27017/task-manager-test'[39m[3
3m;[39m
     [90m 10 |[39m     [36mawait[39m mong
oose[33m.[39mconnect(url)[33m;[39m[0m

      at Object.beforeAll 
(tests/auth.test.js:7:1)

  ΓùÅ Auth Endpoints ΓÇ║ should not login 
with invalid password

    thrown: "Exceeded timeout of 10000 ms 
for a hook.
    Add a timeout value to this test to 
increase the timeout, if this is a 
long-running test. See https://jestjs.io/docs
/api#testname-fn-timeout."

    [0m [90m  5 |[39m
     [90m  6 |[39m [90m// Connect to a 
test database so we don't pollute the dev 
db[39m
    [31m[1m>[22m[39m[90m  7 |[39m 
beforeAll([36masync[39m () [33m=>[39m {
     [90m    |[39m [31m[1m^[22m[39m
     [90m  8 |[39m     process[33m.[39men
v[33m.[39m[33mJWT_SECRET[39m [33m=[39m 
[32m'test_secret'[39m[33m;[39m
     [90m  9 |[39m     [36mconst[39m url 
[33m=[39m process[33m.[39menv[33m.[39m
[33mMONGO_URI[39m [33m||[39m [32m'mongodb
://localhost:27017/task-manager-test'[39m[3
3m;[39m
     [90m 10 |[39m     [36mawait[39m mong
oose[33m.[39mconnect(url)[33m;[39m[0m

      at Object.beforeAll 
(tests/auth.test.js:7:1)

  ΓùÅ Auth Endpoints ΓÇ║ should request key 
for forgot password

    thrown: "Exceeded timeout of 10000 ms 
for a hook.
    Add a timeout value to this test to 
increase the timeout, if this is a 
long-running test. See https://jestjs.io/docs
/api#testname-fn-timeout."

    [0m [90m  5 |[39m
     [90m  6 |[39m [90m// Connect to a 
test database so we don't pollute the dev 
db[39m
    [31m[1m>[22m[39m[90m  7 |[39m 
beforeAll([36masync[39m () [33m=>[39m {
     [90m    |[39m [31m[1m^[22m[39m
     [90m  8 |[39m     process[33m.[39men
v[33m.[39m[33mJWT_SECRET[39m [33m=[39m 
[32m'test_secret'[39m[33m;[39m
     [90m  9 |[39m     [36mconst[39m url 
[33m=[39m process[33m.[39menv[33m.[39m
[33mMONGO_URI[39m [33m||[39m [32m'mongodb
://localhost:27017/task-manager-test'[39m[3
3m;[39m
     [90m 10 |[39m     [36mawait[39m mong
oose[33m.[39mconnect(url)[33m;[39m[0m

      at Object.beforeAll 
(tests/auth.test.js:7:1)

  ΓùÅ Auth Endpoints ΓÇ║ should reset 
password with valid token

    thrown: "Exceeded timeout of 10000 ms 
for a hook.
    Add a timeout value to this test to 
increase the timeout, if this is a 
long-running test. See https://jestjs.io/docs
/api#testname-fn-timeout."

    [0m [90m  5 |[39m
     [90m  6 |[39m [90m// Connect to a 
test database so we don't pollute the dev 
db[39m
    [31m[1m>[22m[39m[90m  7 |[39m 
beforeAll([36masync[39m () [33m=>[39m {
     [90m    |[39m [31m[1m^[22m[39m
     [90m  8 |[39m     process[33m.[39men
v[33m.[39m[33mJWT_SECRET[39m [33m=[39m 
[32m'test_secret'[39m[33m;[39m
     [90m  9 |[39m     [36mconst[39m url 
[33m=[39m process[33m.[39menv[33m.[39m
[33mMONGO_URI[39m [33m||[39m [32m'mongodb
://localhost:27017/task-manager-test'[39m[3
3m;[39m
     [90m 10 |[39m     [36mawait[39m mong
oose[33m.[39mconnect(url)[33m;[39m[0m

      at Object.beforeAll 
(tests/auth.test.js:7:1)


  ΓùÅ Test suite failed to run

    thrown: "Exceeded timeout of 10000 ms 
for a hook.
    Add a timeout value to this test to 
increase the timeout, if this is a 
long-running test. See https://jestjs.io/docs
/api#testname-fn-timeout."

    [0m [90m 13 |[39m
     [90m 14 |[39m [90m// Clean up 
database after each test run[39m
    [31m[1m>[22m[39m[90m 15 |[39m 
afterAll([36masync[39m () [33m=>[39m {
     [90m    |[39m [31m[1m^[22m[39m
     [90m 16 |[39m     [36mawait[39m [33
mUser[39m[33m.[39mdeleteMany()[33m;[39m 
[90m// Clean up users[39m
     [90m 17 |[39m     [36mawait[39m mong
oose[33m.[39mconnection[33m.[39mclose()[
33m;[39m
     [90m 18 |[39m })[33m;[39m[0m

      at Object.afterAll 
(tests/auth.test.js:15:1)

Test Suites: 1 failed, 1 total
Tests:       6 failed, 6 total
Snapshots:   0 total
Time:        23.158 s
Ran all test suites matching 
tests/auth.test.js.
Force exiting Jest: Have you considered 
using `--detectOpenHandles` to detect async 
operations that kept running after all tests 
finished?
